2026-08-23 08:39:45 [error]: Error: listen EADDRINUSE: address already in use :::5000
    at Server.setupListenHandle [as _listen2] (node:net:1948:16)
    at listenInCluster (node:net:2005:12)
    at Server.listen (node:net:2110:7)
    at Object.<anonymous> (/workspaces/Finale-saifoods/backend/src/server.ts:69:12)
    at Module.<anonymous> (node:internal/modules/cjs/loader:1812:14)
    at Module._compile (/workspaces/Finale-saifoods/node_modules/source-map-support/source-map-support.js:521:25)
    at Module.m._compile (/tmp/ts-node-dev-hook-3524279399287509.js:69:33)
    at node:internal/modules/cjs/loader:1943:10
    at require.extensions..jsx.require.extensions..js (/tmp/ts-node-dev-hook-3524279399287509.js:114:20)
    at require.extensions.<computed> (/tmp/ts-node-dev-hook-3524279399287509.js:71:20)
2026-08-23 08:49:46 [error]: Error: listen EADDRINUSE: address already in use :::5000
    at Server.setupListenHandle [as _listen2] (node:net:1948:16)
    at listenInCluster (node:net:2005:12)
    at Server.listen (node:net:2110:7)
    at Object.<anonymous> (/workspaces/Finale-saifoods/backend/src/server.ts:69:12)
    at Module.<anonymous> (node:internal/modules/cjs/loader:1812:14)
    at Module._compile (/workspaces/Finale-saifoods/node_modules/source-map-support/source-map-support.js:521:25)
    at Module.m._compile (/tmp/ts-node-dev-hook-12694405783857488.js:69:33)
    at node:internal/modules/cjs/loader:1943:10
    at require.extensions..jsx.require.extensions..js (/tmp/ts-node-dev-hook-12694405783857488.js:114:20)
    at require.extensions.<computed> (/tmp/ts-node-dev-hook-12694405783857488.js:71:20)
2026-08-23 08:55:36 [error]: Error: listen EADDRINUSE: address already in use :::5000
    at Server.setupListenHandle [as _listen2] (node:net:1948:16)
    at listenInCluster (node:net:2005:12)
    at Server.listen (node:net:2110:7)
    at Object.<anonymous> (/workspaces/Finale-saifoods/backend/src/server.ts:69:12)
    at Module.<anonymous> (node:internal/modules/cjs/loader:1812:14)
    at Module._compile (/workspaces/Finale-saifoods/node_modules/source-map-support/source-map-support.js:521:25)
    at Module.m._compile (/tmp/ts-node-dev-hook-7251995696295822.js:69:33)
    at node:internal/modules/cjs/loader:1943:10
    at require.extensions..jsx.require.extensions..js (/tmp/ts-node-dev-hook-7251995696295822.js:114:20)
    at require.extensions.<computed> (/tmp/ts-node-dev-hook-7251995696295822.js:71:20)
2026-08-23 08:56:29 [error]: Error: listen EADDRINUSE: address already in use :::5000
    at Server.setupListenHandle [as _listen2] (node:net:1948:16)
    at listenInCluster (node:net:2005:12)
    at Server.listen (node:net:2110:7)
    at Object.<anonymous> (/workspaces/Finale-saifoods/backend/src/server.ts:69:12)
    at Module.<anonymous> (node:internal/modules/cjs/loader:1812:14)
    at Module._compile (/workspaces/Finale-saifoods/node_modules/source-map-support/source-map-support.js:521:25)
    at Module.m._compile (/tmp/ts-node-dev-hook-7536391753236095.js:69:33)
    at node:internal/modules/cjs/loader:1943:10
    at require.extensions..jsx.require.extensions..js (/tmp/ts-node-dev-hook-7536391753236095.js:114:20)
    at require.extensions.<computed> (/tmp/ts-node-dev-hook-7536391753236095.js:71:20)
